
> eign-newsletter@ linkedin:followers:fit /Users/ahmedelghannam/projects/playground/eign-newsletter
> tsx scripts/enrich-fit-linkedin-followers.ts --browser edge --max-attempts 1 --request-delay 30000 --request-jitter 30000 --batch-size 15 --batch-delay 300000 --timeout 25000 --apply-each --manifest outputs/linkedin/fit-missing-followers-by-name-manifest.json

SCOPE	fitPeople=949	missingFollowerPeople=291	selected=291	order=unified-people-ui-name-ascending	firstUiPosition=119	firstEligible=Ahmed Seif
PROGRESS	1/291	FAILED_CACHED	Ahmed Seif
PROGRESS	2/291	FAILED_CACHED	Alexis Philippart de Foy
PROGRESS	3/291	SUCCESS	Armineh Baghoomian	4272	activity
APPLY	Armineh Baghoomian	updatedProfiles=1	identityMismatch=0	noLongerFit=0
PROGRESS	4/291	SUCCESS	Asim Alrajhi	5494	activity
APPLY	Asim Alrajhi	updatedProfiles=1	identityMismatch=0	noLongerFit=0
PROGRESS	5/291	SUCCESS	Awais Ahmed	16317	activity
APPLY	Awais Ahmed	updatedProfiles=1	identityMismatch=0	noLongerFit=0
PROGRESS	6/291	SUCCESS	Aya AbdelHakeem	118	activity
APPLY	Aya AbdelHakeem	updatedProfiles=1	identityMismatch=0	noLongerFit=0
PROGRESS	7/291	SUCCESS	Ayman Abdulqader	4295	activity
APPLY	Ayman Abdulqader	updatedProfiles=1	identityMismatch=0	noLongerFit=0
PROGRESS	8/291	SUCCESS	Ayman AlGhamdi	15203	profile-header,activity
APPLY	Ayman AlGhamdi	updatedProfiles=1	identityMismatch=0	noLongerFit=0
PROGRESS	9/291	SUCCESS	Ayman AlRashed	32876	profile-header,activity
APPLY	Ayman AlRashed	updatedProfiles=1	identityMismatch=0	noLongerFit=0
PROGRESS	10/291	SUCCESS	Aymen Sarraj	2646	activity
APPLY	Aymen Sarraj	updatedProfiles=1	identityMismatch=0	noLongerFit=0

> eign-newsletter@ linkedin:followers:fit /Users/ahmedelghannam/projects/playground/eign-newsletter
> tsx scripts/enrich-fit-linkedin-followers.ts --browser edge --max-attempts 1 --request-delay 30000 --request-jitter 30000 --batch-size 15 --batch-delay 300000 --timeout 25000 --apply-each --manifest outputs/linkedin/fit-missing-followers-by-name-manifest.json

SCOPE	fitPeople=949	missingFollowerPeople=282	selected=282	order=unified-people-ui-name-ascending	firstUiPosition=119	firstEligible=Ahmed Seif
PROGRESS	1/282	FAILED_CACHED	Ahmed Seif
PROGRESS	2/282	SUCCESS	Azhar Malik	3987	profile-header,activity
APPLY	Azhar Malik	updatedProfiles=1	identityMismatch=0	noLongerFit=0
PROGRESS	3/282	SUCCESS	Aziz Belkhiria	3996	profile-header,activity
APPLY	Aziz Belkhiria	updatedProfiles=1	identityMismatch=0	noLongerFit=0
PROGRESS	4/282	SUCCESS	Bader Almubarak	6162	profile-header
APPLY	Bader Almubarak	updatedProfiles=1	identityMismatch=0	noLongerFit=0
PROGRESS	5/282	SUCCESS	Basem Aljedai	1969	activity
APPLY	Basem Aljedai	updatedProfiles=1	identityMismatch=0	noLongerFit=0
PROGRESS	6/282	SUCCESS	Basil Al Alola	4991	activity
APPLY	Basil Al Alola	updatedProfiles=1	identityMismatch=0	noLongerFit=0
PROGRESS	7/282	SUCCESS	Basil Fateen	19688	profile-header
APPLY	Basil Fateen	updatedProfiles=1	identityMismatch=0	noLongerFit=0
PROGRESS	8/282	SUCCESS	Basmah Alsinaidi	6348	activity
APPLY	Basmah Alsinaidi	updatedProfiles=1	identityMismatch=0	noLongerFit=0
PROGRESS	9/282	SUCCESS	Bassam Almohammadi	4478	activity
APPLY	Bassam Almohammadi	updatedProfiles=1	identityMismatch=0	noLongerFit=0
PROGRESS	10/282	SUCCESS	Bassem Raafat	2298	activity
APPLY	Bassem Raafat	updatedProfiles=1	identityMismatch=0	noLongerFit=0
PROGRESS	11/282	SUCCESS	Deemah Alyahya	87877	profile-header
APPLY	Deemah Alyahya	updatedProfiles=1	identityMismatch=0	noLongerFit=0
PROGRESS	12/282	SUCCESS	Deena Gergis	29211	profile-header
APPLY	Deena Gergis	updatedProfiles=1	identityMismatch=0	noLongerFit=0
PROGRESS	13/282	SKIPPED_INELIGIBLE	Delz Erinle
PROGRESS	14/282	SUCCESS	Dina Dash	4912	activity
APPLY	Dina Dash	updatedProfiles=1	identityMismatch=0	noLongerFit=0
PROGRESS	15/282	SKIPPED_INELIGIBLE	Dr. Dotun Olowoporoku
PROGRESS	16/282	SUCCESS	Dr. Nabil Hadj-Ahmed	9491	activity
APPLY	Dr. Nabil Hadj-Ahmed	updatedProfiles=1	identityMismatch=0	noLongerFit=0
PROGRESS	17/282	SKIPPED_INELIGIBLE	Eduardo Frias
PROGRESS	18/282	SKIPPED_INELIGIBLE	Elias Zamora Sillero
PROGRESS	19/282	SKIPPED_INELIGIBLE	Elly Savatia
PROGRESS	20/282	SKIPPED_INELIGIBLE	Elsa Fan
PROGRESS	21/282	SUCCESS	Emon Shakoor	30884	profile-header
APPLY	Emon Shakoor	updatedProfiles=1	identityMismatch=0	noLongerFit=0
PROGRESS	22/282	SKIPPED_INELIGIBLE	Eniola Aluko MBE
PROGRESS	23/282	SUCCESS	Essam Hawash	1388	activity
APPLY	Essam Hawash	updatedProfiles=1	identityMismatch=0	noLongerFit=0
COOLDOWN	requests=15	delayMs=300000
PROGRESS	24/282	SKIPPED_INELIGIBLE	Evgenia Matrosova
PROGRESS	25/282	SUCCESS	Eyad Albayouk	3265	activity
APPLY	Eyad Albayouk	updatedProfiles=1	identityMismatch=0	noLongerFit=0
PROGRESS	26/282	SKIPPED_INELIGIBLE	Fabio Lorenzon
PROGRESS	27/282	FAILED	Fahad Alghamdi	Microsoft Edge automation failed: 2030:2042: execution error: __LINKEDIN_FOLLOWERS_ERROR__:LinkedIn opened a different profile than the requested URL (-2700).
PROGRESS	28/282	SUCCESS	Fahad AlSolaie	41010	profile-header,activity
APPLY	Fahad AlSolaie	updatedProfiles=1	identityMismatch=0	noLongerFit=0
PROGRESS	29/282	SUCCESS	Faisal Alageel	4495	activity
APPLY	Faisal Alageel	updatedProfiles=1	identityMismatch=0	noLongerFit=0
PROGRESS	30/282	SUCCESS	Faisal Alessa	5740	activity
APPLY	Faisal Alessa	updatedProfiles=1	identityMismatch=0	noLongerFit=0
PROGRESS	31/282	SUCCESS	Faisal AlHashem	631	activity
APPLY	Faisal AlHashem	updatedProfiles=1	identityMismatch=0	noLongerFit=0
PROGRESS	32/282	SUCCESS	Faisal Almaklas	4622	activity
APPLY	Faisal Almaklas	updatedProfiles=1	identityMismatch=0	noLongerFit=0
PROGRESS	33/282	SUCCESS	Faisal Binzagr	1673	activity
APPLY	Faisal Binzagr	updatedProfiles=1	identityMismatch=0	noLongerFit=0
PROGRESS	34/282	SUCCESS	Faisal Darras	7267	profile-header
APPLY	Faisal Darras	updatedProfiles=1	identityMismatch=0	noLongerFit=0
PROGRESS	35/282	SUCCESS	Faisal Saeed	2323	profile-header
APPLY	Faisal Saeed	updatedProfiles=1	identityMismatch=0	noLongerFit=0
PROGRESS	36/282	SUCCESS	Faisal Sultan	19257	profile-header
APPLY	Faisal Sultan	updatedProfiles=1	identityMismatch=0	noLongerFit=0
PROGRESS	37/282	SUCCESS	Fajer Al Pachachi	5837	activity
APPLY	Fajer Al Pachachi	updatedProfiles=1	identityMismatch=0	noLongerFit=0
PROGRESS	38/282	SUCCESS	Farah Emara	14934	profile-header
APPLY	Farah Emara	updatedProfiles=1	identityMismatch=0	noLongerFit=0
PROGRESS	39/282	SUCCESS	Fares Akkad	37025	profile-header
APPLY	Fares Akkad	updatedProfiles=1	identityMismatch=0	noLongerFit=0
PROGRESS	40/282	SUCCESS	Fariha Ansari Javed	24132	profile-header
APPLY	Fariha Ansari Javed	updatedProfiles=1	identityMismatch=0	noLongerFit=0
COOLDOWN	requests=30	delayMs=300000
PROGRESS	41/282	SUCCESS	Faris AlRashed Alhumaid	2312	activity
APPLY	Faris AlRashed Alhumaid	updatedProfiles=1	identityMismatch=0	noLongerFit=0
PROGRESS	42/282	SUCCESS	Farouk El Hamzawi	5183	profile-header
APPLY	Farouk El Hamzawi	updatedProfiles=1	identityMismatch=0	noLongerFit=0
PROGRESS	43/282	SUCCESS	Fawaz Boualwan	47	activity
APPLY	Fawaz Boualwan	updatedProfiles=1	identityMismatch=0	noLongerFit=0
PROGRESS	44/282	SUCCESS	Fawzi Harfouch	2978	profile-header
APPLY	Fawzi Harfouch	updatedProfiles=1	identityMismatch=0	noLongerFit=0
PROGRESS	45/282	SKIPPED_INELIGIBLE	Felix Starck
PROGRESS	46/282	FAILED	Fowzan Almuhaidib	Microsoft Edge automation failed: 2030:2042: execution error: __LINKEDIN_FOLLOWERS_ERROR__:Executing JavaScript through AppleScript is turned off. To turn it on, from the menu bar, go to View > Developer > Allow JavaScript from Apple Events. For more information: https://permanently-removed.invalid (-2700). Enable View > Developer > Allow JavaScript from Apple Events in the selected browser.
{
  "apply": false,
  "applyResult": null,
  "failed": 3,
  "fatalFailure": "Microsoft Edge automation failed: 2030:2042: execution error: __LINKEDIN_FOLLOWERS_ERROR__:Executing JavaScript through AppleScript is turned off. To turn it on, from the menu bar, go to View > Developer > Allow JavaScript from Apple Events. For more information: https://permanently-removed.invalid (-2700). Enable View > Developer > Allow JavaScript from Apple Events in the selected browser.",
  "manifestPath": "/Users/ahmedelghannam/projects/playground/eign-newsletter/outputs/linkedin/fit-missing-followers-by-name-manifest.json",
  "pending": 246,
  "selected": 282,
  "success": 33,
  "totalMissingFollowerPeople": 282
}
/Users/ahmedelghannam/projects/playground/eign-newsletter/scripts/enrich-fit-linkedin-followers.ts:572
  if (fatalFailure) throw new Error(fatalFailure)
                          ^

Error: Microsoft Edge automation failed: 2030:2042: execution error: __LINKEDIN_FOLLOWERS_ERROR__:Executing JavaScript through AppleScript is turned off. To turn it on, from the menu bar, go to View > Developer > Allow JavaScript from Apple Events. For more information: https://permanently-removed.invalid (-2700). Enable View > Developer > Allow JavaScript from Apple Events in the selected browser.
    at main (/Users/ahmedelghannam/projects/playground/eign-newsletter/scripts/enrich-fit-linkedin-followers.ts:572:27)
    at async <anonymous> (/Users/ahmedelghannam/projects/playground/eign-newsletter/scripts/enrich-fit-linkedin-followers.ts:575:1)

Node.js v24.19.0
 ELIFECYCLE  Command failed with exit code 1.

> eign-newsletter@ linkedin:followers:fit /Users/ahmedelghannam/projects/playground/eign-newsletter
> tsx scripts/enrich-fit-linkedin-followers.ts --browser edge --max-attempts 1 --request-delay 30000 --request-jitter 30000 --batch-size 15 --batch-delay 300000 --timeout 25000 --apply-each --manifest outputs/linkedin/fit-missing-followers-by-name-manifest.json

SCOPE	fitPeople=938	missingFollowerPeople=237	selected=237	order=unified-people-ui-name-ascending	firstUiPosition=119	firstEligible=Ahmed Seif
PROGRESS	1/237	FAILED_CACHED	Ahmed Seif
PROGRESS	2/237	FAILED_CACHED	Fahad Alghamdi
PROGRESS	3/237	SUCCESS	Gaelle Bou Abdo, Msc.	4781	profile-header
APPLY	Gaelle Bou Abdo, Msc.	updatedProfiles=0	identityMismatch=1	noLongerFit=0

> eign-newsletter@ linkedin:followers:fit /Users/ahmedelghannam/projects/playground/eign-newsletter
> tsx scripts/enrich-fit-linkedin-followers.ts --browser edge --max-attempts 1 --request-delay 30000 --request-jitter 30000 --batch-size 15 --batch-delay 300000 --timeout 25000 --apply-each --manifest outputs/linkedin/fit-missing-followers-by-name-manifest.json

SCOPE	fitPeople=938	missingFollowerPeople=236	selected=236	order=unified-people-ui-name-ascending	firstUiPosition=119	firstEligible=Ahmed Seif
PROGRESS	1/236	FAILED_CACHED	Ahmed Seif
PROGRESS	2/236	FAILED_CACHED	Fahad Alghamdi
PROGRESS	3/236	SUCCESS	Ghadah Alabduljabbar	1422	activity
APPLY	Ghadah Alabduljabbar	updatedProfiles=1	identityMismatch=0	noLongerFit=0
PROGRESS	4/236	SUCCESS	H.E. Deema Al-Yahya	2863	profile-header,activity
APPLY	H.E. Deema Al-Yahya	updatedProfiles=0	identityMismatch=1	noLongerFit=0
PROGRESS	5/236	SUCCESS	H.H. Princess Loulwa bint Yazeed Al Saud	4990	profile-header,activity
APPLY	H.H. Princess Loulwa bint Yazeed Al Saud	updatedProfiles=0	identityMismatch=2	noLongerFit=0
PROGRESS	6/236	SUCCESS	Hadi Halabi	6658	activity
APPLY	Hadi Halabi	updatedProfiles=1	identityMismatch=2	noLongerFit=0
PROGRESS	7/236	SUCCESS	Hafez Yamin	4025	activity
APPLY	Hafez Yamin	updatedProfiles=1	identityMismatch=2	noLongerFit=0
PROGRESS	8/236	SUCCESS	Haitham Alforaih	7891	profile-header
APPLY	Haitham Alforaih	updatedProfiles=1	identityMismatch=2	noLongerFit=0
PROGRESS	9/236	FAILED	Hala Fadel	Microsoft Edge automation failed: 2030:2042: execution error: __LINKEDIN_FOLLOWERS_ERROR__:Executing JavaScript through AppleScript is turned off. To turn it on, from the menu bar, go to View > Developer > Allow JavaScript from Apple Events. For more information: https://permanently-removed.invalid (-2700). Enable View > Developer > Allow JavaScript from Apple Events in the selected browser.
{
  "apply": false,
  "applyResult": null,
  "failed": 3,
  "fatalFailure": "Microsoft Edge automation failed: 2030:2042: execution error: __LINKEDIN_FOLLOWERS_ERROR__:Executing JavaScript through AppleScript is turned off. To turn it on, from the menu bar, go to View > Developer > Allow JavaScript from Apple Events. For more information: https://permanently-removed.invalid (-2700). Enable View > Developer > Allow JavaScript from Apple Events in the selected browser.",
  "manifestPath": "/Users/ahmedelghannam/projects/playground/eign-newsletter/outputs/linkedin/fit-missing-followers-by-name-manifest.json",
  "pending": 227,
  "selected": 236,
  "success": 6,
  "totalMissingFollowerPeople": 236
}
/Users/ahmedelghannam/projects/playground/eign-newsletter/scripts/enrich-fit-linkedin-followers.ts:572
  if (fatalFailure) throw new Error(fatalFailure)
                          ^

Error: Microsoft Edge automation failed: 2030:2042: execution error: __LINKEDIN_FOLLOWERS_ERROR__:Executing JavaScript through AppleScript is turned off. To turn it on, from the menu bar, go to View > Developer > Allow JavaScript from Apple Events. For more information: https://permanently-removed.invalid (-2700). Enable View > Developer > Allow JavaScript from Apple Events in the selected browser.
    at main (/Users/ahmedelghannam/projects/playground/eign-newsletter/scripts/enrich-fit-linkedin-followers.ts:572:27)
    at async <anonymous> (/Users/ahmedelghannam/projects/playground/eign-newsletter/scripts/enrich-fit-linkedin-followers.ts:575:1)

Node.js v24.19.0
 ELIFECYCLE  Command failed with exit code 1.

> eign-newsletter@ linkedin:followers:fit /Users/ahmedelghannam/projects/playground/eign-newsletter
> tsx scripts/enrich-fit-linkedin-followers.ts --browser edge --max-attempts 1 --request-delay 30000 --request-jitter 30000 --batch-size 15 --batch-delay 300000 --timeout 25000 --apply-each --manifest outputs/linkedin/fit-missing-followers-by-name-manifest.json

SCOPE	fitPeople=938	missingFollowerPeople=227	selected=227	order=unified-people-ui-name-ascending	firstUiPosition=348	firstEligible=Fahad Alghamdi
PROGRESS	1/227	FAILED_CACHED	Fahad Alghamdi
PROGRESS	2/227	SUCCESS	Halah Al-Jubeir	5324	activity
APPLY	Halah Al-Jubeir	updatedProfiles=1	identityMismatch=0	noLongerFit=0
PROGRESS	3/227	SUCCESS	Hana Abdulla	1414	activity
APPLY	Hana Abdulla	updatedProfiles=1	identityMismatch=0	noLongerFit=0
PROGRESS	4/227	SUCCESS	Hana Zaghloul	3061	profile-header
APPLY	Hana Zaghloul	updatedProfiles=1	identityMismatch=0	noLongerFit=0
PROGRESS	5/227	SUCCESS	Hanan Ezzeldin	441	profile-header,activity
APPLY	Hanan Ezzeldin	updatedProfiles=1	identityMismatch=0	noLongerFit=0
PROGRESS	6/227	SUCCESS	Hani Alahdal	3730	activity
APPLY	Hani Alahdal	updatedProfiles=1	identityMismatch=0	noLongerFit=0
PROGRESS	7/227	SUCCESS	Hannah Attalah	1980	activity
APPLY	Hannah Attalah	updatedProfiles=1	identityMismatch=0	noLongerFit=0
PROGRESS	8/227	SUCCESS	Hassan Abusalih	1711	profile-header
APPLY	Hassan Abusalih	updatedProfiles=1	identityMismatch=0	noLongerFit=0
PROGRESS	9/227	SUCCESS	Hassan Aljohani	5552	profile-header
APPLY	Hassan Aljohani	updatedProfiles=1	identityMismatch=0	noLongerFit=0
PROGRESS	10/227	SUCCESS	Hazim Al Ahmadi	7495	activity
APPLY	Hazim Al Ahmadi	updatedProfiles=1	identityMismatch=0	noLongerFit=0
PROGRESS	11/227	SUCCESS	Himanshu Shrimali	1496	activity
APPLY	Himanshu Shrimali	updatedProfiles=1	identityMismatch=0	noLongerFit=0
PROGRESS	12/227	SUCCESS	Hisham Alsheikh	8352	profile-header
APPLY	Hisham Alsheikh	updatedProfiles=1	identityMismatch=0	noLongerFit=0
PROGRESS	13/227	SUCCESS	Hisham Malakah	1756	activity
APPLY	Hisham Malakah	updatedProfiles=1	identityMismatch=0	noLongerFit=0

> eign-newsletter@ linkedin:followers:fit /Users/ahmedelghannam/projects/playground/eign-newsletter
> tsx scripts/enrich-fit-linkedin-followers.ts --browser edge --max-attempts 1 --request-delay 30000 --request-jitter 30000 --batch-size 15 --batch-delay 300000 --timeout 25000 --apply-each --manifest outputs/linkedin/fit-missing-followers-by-name-manifest.json

SCOPE	fitPeople=938	missingFollowerPeople=214	selected=214	order=unified-people-ui-name-ascending	firstUiPosition=348	firstEligible=Fahad Alghamdi
PROGRESS	1/214	FAILED_CACHED	Fahad Alghamdi
PROGRESS	2/214	SUCCESS	Hossam Shafick	31058	profile-header,activity
APPLY	Hossam Shafick	updatedProfiles=1	identityMismatch=0	noLongerFit=0
PROGRESS	3/214	SUCCESS	Howayda Abou-Heif	1668	profile-header,activity
APPLY	Howayda Abou-Heif	updatedProfiles=1	identityMismatch=0	noLongerFit=0
PROGRESS	4/214	SUCCESS	Huda Alanazy	3997	profile-header
APPLY	Huda Alanazy	updatedProfiles=1	identityMismatch=0	noLongerFit=0
PROGRESS	5/214	SUCCESS	Hussain Al Safwan	937	activity
APPLY	Hussain Al Safwan	updatedProfiles=1	identityMismatch=0	noLongerFit=0
PROGRESS	6/214	SUCCESS	Hussein Attar	49535	profile-header
APPLY	Hussein Attar	updatedProfiles=1	identityMismatch=0	noLongerFit=0
PROGRESS	7/214	SUCCESS	Ibrahim Al-Baloud	6306	activity
APPLY	Ibrahim Al-Baloud	updatedProfiles=1	identityMismatch=0	noLongerFit=0
PROGRESS	8/214	SUCCESS	Ibrahim Ali AlShaikh	1665	activity
APPLY	Ibrahim Ali AlShaikh	updatedProfiles=1	identityMismatch=0	noLongerFit=0

> eign-newsletter@ linkedin:followers:fit /Users/ahmedelghannam/projects/playground/eign-newsletter
> tsx scripts/enrich-fit-linkedin-followers.ts --browser edge --max-attempts 1 --request-delay 30000 --request-jitter 30000 --batch-size 15 --batch-delay 300000 --timeout 25000 --apply-each --manifest outputs/linkedin/fit-missing-followers-by-name-manifest.json

SCOPE	fitPeople=938	missingFollowerPeople=205	selected=205	order=unified-people-ui-name-ascending	firstUiPosition=348	firstEligible=Fahad Alghamdi
PROGRESS	1/205	FAILED_CACHED	Fahad Alghamdi

> eign-newsletter@ linkedin:followers:fit /Users/ahmedelghannam/projects/playground/eign-newsletter
> tsx scripts/enrich-fit-linkedin-followers.ts --browser edge --max-attempts 1 --request-delay 30000 --request-jitter 30000 --batch-size 15 --batch-delay 300000 --timeout 25000 --apply-each --manifest outputs/linkedin/fit-missing-followers-by-name-manifest.json

SCOPE	fitPeople=938	missingFollowerPeople=203	selected=203	order=unified-people-ui-name-ascending	firstUiPosition=348	firstEligible=Fahad Alghamdi
PROGRESS	1/203	FAILED_CACHED	Fahad Alghamdi
PROGRESS	2/203	SUCCESS	Iman Salafian	3199	activity
APPLY	Iman Salafian	updatedProfiles=1	identityMismatch=0	noLongerFit=0
PROGRESS	3/203	SUCCESS	Imed Gallouzi	2681	activity
APPLY	Imed Gallouzi	updatedProfiles=1	identityMismatch=0	noLongerFit=0
PROGRESS	4/203	SUCCESS	Ismael Faro	8480	profile-header
APPLY	Ismael Faro	updatedProfiles=1	identityMismatch=0	noLongerFit=0
PROGRESS	5/203	SUCCESS	Kareem Abdullah	4881	activity
APPLY	Kareem Abdullah	updatedProfiles=1	identityMismatch=0	noLongerFit=0
PROGRESS	6/203	SUCCESS	Kareem Abou Gamrah	10868	profile-header
APPLY	Kareem Abou Gamrah	updatedProfiles=1	identityMismatch=0	noLongerFit=0
PROGRESS	7/203	SUCCESS	Karim Tawfik	12442	profile-header
APPLY	Karim Tawfik	updatedProfiles=1	identityMismatch=0	noLongerFit=0
PROGRESS	8/203	FAILED	Karima El Hakim	Microsoft Edge automation failed: 3560:3572: execution error: Timed out waiting for LinkedIn followers. Last result: __LINKEDIN_FOLLOWERS_WAIT__:Page has not finished loading (-2700).
PROGRESS	9/203	SUCCESS	Kelvin Au	10309	activity
APPLY	Kelvin Au	updatedProfiles=1	identityMismatch=0	noLongerFit=0
PROGRESS	10/203	SUCCESS	Khaled Aljuraywi	2058	activity
APPLY	Khaled Aljuraywi	updatedProfiles=1	identityMismatch=0	noLongerFit=0
PROGRESS	11/203	SUCCESS	Khaled Alsultan	6748	activity
APPLY	Khaled Alsultan	updatedProfiles=1	identityMismatch=0	noLongerFit=0
PROGRESS	12/203	SUCCESS	Khalid Al Saleh	449	activity
APPLY	Khalid Al Saleh	updatedProfiles=1	identityMismatch=0	noLongerFit=0
PROGRESS	13/203	SUCCESS	Khalid Alaraifi	13359	profile-header
APPLY	Khalid Alaraifi	updatedProfiles=1	identityMismatch=0	noLongerFit=0
PROGRESS	14/203	SUCCESS	Khalid Alashaikh	3711	activity
APPLY	Khalid Alashaikh	updatedProfiles=1	identityMismatch=0	noLongerFit=0
PROGRESS	15/203	SUCCESS	Khalid AlHadlaq	7943	profile-header,activity
APPLY	Khalid AlHadlaq	updatedProfiles=1	identityMismatch=0	noLongerFit=0
PROGRESS	16/203	SUCCESS	Khalid Almutlaq	1109	activity
APPLY	Khalid Almutlaq	updatedProfiles=1	identityMismatch=0	noLongerFit=0
COOLDOWN	requests=15	delayMs=300000
PROGRESS	17/203	SUCCESS	Khalid Alomar	4920	profile-header
APPLY	Khalid Alomar	updatedProfiles=1	identityMismatch=0	noLongerFit=0
PROGRESS	18/203	SUCCESS	Khalid ElAghil	1243	activity
APPLY	Khalid ElAghil	updatedProfiles=1	identityMismatch=0	noLongerFit=0
PROGRESS	19/203	SUCCESS	Kola Aina	22873	profile-header
APPLY	Kola Aina	updatedProfiles=0	identityMismatch=1	noLongerFit=0
PROGRESS	20/203	SUCCESS	Kristin Wilson	7421	profile-header
APPLY	Kristin Wilson	updatedProfiles=1	identityMismatch=1	noLongerFit=0
PROGRESS	21/203	SUCCESS	Kristoff Copmans	5729	profile-header
APPLY	Kristoff Copmans	updatedProfiles=1	identityMismatch=1	noLongerFit=0
PROGRESS	22/203	SUCCESS	Lamia Alashaikh	1291	activity
APPLY	Lamia Alashaikh	updatedProfiles=1	identityMismatch=1	noLongerFit=0
PROGRESS	23/203	SUCCESS	Le Tilahun	5117	profile-header
APPLY	Le Tilahun	updatedProfiles=1	identityMismatch=1	noLongerFit=0
PROGRESS	24/203	SUCCESS	Leena Khalil	6245	activity
APPLY	Leena Khalil	updatedProfiles=1	identityMismatch=1	noLongerFit=0
PROGRESS	25/203	SUCCESS	Lenah Hassaballah	42701	profile-header,activity
APPLY	Lenah Hassaballah	updatedProfiles=1	identityMismatch=1	noLongerFit=0
PROGRESS	26/203	SUCCESS	Lillian Barnard	164481	profile-header
APPLY	Lillian Barnard	updatedProfiles=1	identityMismatch=1	noLongerFit=0
PROGRESS	27/203	SUCCESS	Lionel Sinai-Sinelnikoff	3816	activity
APPLY	Lionel Sinai-Sinelnikoff	updatedProfiles=1	identityMismatch=1	noLongerFit=0
PROGRESS	28/203	SUCCESS	Lorenzo Bottelli	502	activity
APPLY	Lorenzo Bottelli	updatedProfiles=1	identityMismatch=1	noLongerFit=0
PROGRESS	29/203	SUCCESS	Loulou Khazen	35454	profile-header
APPLY	Loulou Khazen	updatedProfiles=1	identityMismatch=1	noLongerFit=0
PROGRESS	30/203	SUCCESS	Luca Etter	1452	activity
APPLY	Luca Etter	updatedProfiles=1	identityMismatch=1	noLongerFit=0
PROGRESS	31/203	SUCCESS	Madhavi Reddy	414	activity
APPLY	Madhavi Reddy	updatedProfiles=1	identityMismatch=1	noLongerFit=0
COOLDOWN	requests=30	delayMs=300000
PROGRESS	32/203	SUCCESS	Maha Alsaad	270	activity
APPLY	Maha Alsaad	updatedProfiles=1	identityMismatch=1	noLongerFit=0
PROGRESS	33/203	SUCCESS	Mahmoud Gomaa	10809	profile-header
APPLY	Mahmoud Gomaa	updatedProfiles=1	identityMismatch=1	noLongerFit=0
PROGRESS	34/203	SUCCESS	Mahmoud Tarif	441	activity
APPLY	Mahmoud Tarif	updatedProfiles=1	identityMismatch=1	noLongerFit=0
PROGRESS	35/203	SUCCESS	Malak Fouad	1542	profile-header
APPLY	Malak Fouad	updatedProfiles=1	identityMismatch=1	noLongerFit=0
PROGRESS	36/203	SUCCESS	Malak Hamdan Al-Naemi	3276	activity
APPLY	Malak Hamdan Al-Naemi	updatedProfiles=1	identityMismatch=1	noLongerFit=0
PROGRESS	37/203	FAILED	Malangou Seyadou	Microsoft Edge automation failed: 3560:3572: execution error: __LINKEDIN_FOLLOWERS_ERROR__:LinkedIn opened a different profile than the requested URL (-2700).
PROGRESS	38/203	SUCCESS	Malek	3119	activity
APPLY	Malek	updatedProfiles=1	identityMismatch=1	noLongerFit=0
PROGRESS	39/203	SUCCESS	Malek Hammoud	6191	profile-header,activity
APPLY	Malek Hammoud	updatedProfiles=1	identityMismatch=1	noLongerFit=0
PROGRESS	40/203	SUCCESS	Malek Sraj	1889	profile-header
APPLY	Malek Sraj	updatedProfiles=1	identityMismatch=1	noLongerFit=0
PROGRESS	41/203	SUCCESS	Malik Alyousef	5248	activity
APPLY	Malik Alyousef	updatedProfiles=1	identityMismatch=1	noLongerFit=0
PROGRESS	42/203	SUCCESS	Mamdoh Alzhrani	9992	profile-header
APPLY	Mamdoh Alzhrani	updatedProfiles=1	identityMismatch=1	noLongerFit=0
PROGRESS	43/203	SUCCESS	Mansour AlThani	5584	profile-header
APPLY	Mansour AlThani	updatedProfiles=1	identityMismatch=1	noLongerFit=0
PROGRESS	44/203	SUCCESS	Margreet Magdy	12635	profile-header
APPLY	Margreet Magdy	updatedProfiles=1	identityMismatch=1	noLongerFit=0
PROGRESS	45/203	SUCCESS	Mariam Kamel	5969	activity
APPLY	Mariam Kamel	updatedProfiles=1	identityMismatch=1	noLongerFit=0
PROGRESS	46/203	SUCCESS	Marriam Mossalli	2792	activity
APPLY	Marriam Mossalli	updatedProfiles=1	identityMismatch=1	noLongerFit=0
COOLDOWN	requests=45	delayMs=300000
PROGRESS	47/203	SUCCESS	Marwan Moukarzel	10614	profile-header,activity
APPLY	Marwan Moukarzel	updatedProfiles=1	identityMismatch=1	noLongerFit=0
PROGRESS	48/203	SUCCESS	Mazin Alshanbari	1560	activity
APPLY	Mazin Alshanbari	updatedProfiles=1	identityMismatch=1	noLongerFit=0
PROGRESS	49/203	SUCCESS	Mazin Altokhais	6850	activity
APPLY	Mazin Altokhais	updatedProfiles=1	identityMismatch=1	noLongerFit=0
PROGRESS	50/203	SUCCESS	Michael Mosaad	4583	activity
APPLY	Michael Mosaad	updatedProfiles=1	identityMismatch=1	noLongerFit=0
PROGRESS	51/203	SUCCESS	Michael Orfaly	21317	profile-header
APPLY	Michael Orfaly	updatedProfiles=1	identityMismatch=1	noLongerFit=0
PROGRESS	52/203	SUCCESS	Michael Schelper	12944	profile-header
APPLY	Michael Schelper	updatedProfiles=1	identityMismatch=1	noLongerFit=0
PROGRESS	53/203	SUCCESS	Mike Butcher	39599	profile-header
APPLY	Mike Butcher	updatedProfiles=1	identityMismatch=1	noLongerFit=0
PROGRESS	54/203	SUCCESS	Mina Vucic	6108	profile-header,activity
APPLY	Mina Vucic	updatedProfiles=1	identityMismatch=1	noLongerFit=0
PROGRESS	55/203	SUCCESS	Mobola da-Silva	1563	activity
APPLY	Mobola da-Silva	updatedProfiles=1	identityMismatch=1	noLongerFit=0
PROGRESS	56/203	SUCCESS	Moe Ibrahim	1701	activity
APPLY	Moe Ibrahim	updatedProfiles=1	identityMismatch=1	noLongerFit=0
PROGRESS	57/203	SUCCESS	Mohamed Abdel-motaleb	4553	activity
APPLY	Mohamed Abdel-motaleb	updatedProfiles=1	identityMismatch=1	noLongerFit=0
PROGRESS	58/203	SUCCESS	Mohamed AlGhannam	7003	profile-header,activity
APPLY	Mohamed AlGhannam	updatedProfiles=1	identityMismatch=1	noLongerFit=0
PROGRESS	59/203	SUCCESS	Mohamed Amer	1213	activity
APPLY	Mohamed Amer	updatedProfiles=1	identityMismatch=1	noLongerFit=0
PROGRESS	60/203	SUCCESS	Mohamed Amine El Ouni	18033	profile-header
APPLY	Mohamed Amine El Ouni	updatedProfiles=1	identityMismatch=1	noLongerFit=0
PROGRESS	61/203	SUCCESS	Mohamed Amine Merah	13983	profile-header
APPLY	Mohamed Amine Merah	updatedProfiles=1	identityMismatch=1	noLongerFit=0
COOLDOWN	requests=60	delayMs=300000
PROGRESS	62/203	SUCCESS	Mohamed Ashour	11322	activity
APPLY	Mohamed Ashour	updatedProfiles=1	identityMismatch=1	noLongerFit=0
PROGRESS	63/203	SUCCESS	Mohamed Dhaouafi	12308	profile-header
APPLY	Mohamed Dhaouafi	updatedProfiles=1	identityMismatch=1	noLongerFit=0
PROGRESS	64/203	SUCCESS	Mohamed El Abbouri	5055	activity
APPLY	Mohamed El Abbouri	updatedProfiles=1	identityMismatch=1	noLongerFit=0
PROGRESS	65/203	SUCCESS	Mohamed F. Ahmed	7699	profile-header,activity
APPLY	Mohamed F. Ahmed	updatedProfiles=1	identityMismatch=1	noLongerFit=0
PROGRESS	66/203	SUCCESS	Mohamed Ghaith	25155	profile-header
APPLY	Mohamed Ghaith	updatedProfiles=1	identityMismatch=1	noLongerFit=0
PROGRESS	67/203	SUCCESS	Mohamed Ghareeb	1075	activity
APPLY	Mohamed Ghareeb	updatedProfiles=1	identityMismatch=1	noLongerFit=0
PROGRESS	68/203	SUCCESS	Mohamed Helmy	1374	activity
APPLY	Mohamed Helmy	updatedProfiles=1	identityMismatch=1	noLongerFit=0
PROGRESS	69/203	SUCCESS	Mohamed Ibrahim	24841	profile-header
APPLY	Mohamed Ibrahim	updatedProfiles=1	identityMismatch=1	noLongerFit=0
PROGRESS	70/203	SUCCESS	Mohamed Moniem	4590	activity
APPLY	Mohamed Moniem	updatedProfiles=1	identityMismatch=1	noLongerFit=0
PROGRESS	71/203	SUCCESS	Mohamed Mostafa	2390	activity
APPLY	Mohamed Mostafa	updatedProfiles=1	identityMismatch=1	noLongerFit=0
PROGRESS	72/203	SUCCESS	Mohamed Mousa	5860	profile-header,activity
APPLY	Mohamed Mousa	updatedProfiles=1	identityMismatch=1	noLongerFit=0
PROGRESS	73/203	SUCCESS	Mohamed Nabil	6526	activity
APPLY	Mohamed Nabil	updatedProfiles=1	identityMismatch=1	noLongerFit=0
PROGRESS	74/203	SUCCESS	Mohamed Nawito	28938	profile-header,activity
APPLY	Mohamed Nawito	updatedProfiles=1	identityMismatch=1	noLongerFit=0
PROGRESS	75/203	SUCCESS	Mohamed Oka	335	profile-header
APPLY	Mohamed Oka	updatedProfiles=1	identityMismatch=1	noLongerFit=0
PROGRESS	76/203	FAILED	Mohamed Salama	Microsoft Edge automation failed: Command failed: /usr/bin/osascript -e 
on run argv
  set targetURL to item 1 of argv
  set extractionJavascript to item 2 of argv
  set keepOpenFlag to item 3 of argv
  set pollCount to (item 4 of argv) as integer
  set collectorWindowName to "EIGN LinkedIn Collector"
  set targetWindow to missing value
  set targetTab to missing value
  set lastResult to "__LINKEDIN_FOLLOWERS_WAIT__:Page has not finished loading"

  try
    using terms from application "Microsoft Edge"
      tell application "Microsoft Edge"
        if keepOpenFlag is "true" then
          repeat with candidateWindow in every window
            try
              if given name of candidateWindow is collectorWindowName then
                set targetWindow to candidateWindow
                exit repeat
              end if
            end try
          end repeat
        end if

        if targetWindow is missing value then
          set targetWindow to make new window with properties {visible:false}
          if keepOpenFlag is "true" then
            set given name of targetWindow to collectorWindowName
          end if
        end if

        -- Reassert this throughout every request. Edge can surface a hidden
        -- window after navigation finishes unless it is also kept minimized.
        if keepOpenFlag is "true" then
          set minimized of targetWindow to true
        end if
        set visible of targetWindow to false
        set targetTab to active tab of targetWindow
        set URL of targetTab to targetURL
        if keepOpenFlag is "true" then
          set minimized of targetWindow to true
        end if
        set visible of targetWindow to false

        repeat pollCount times
          if keepOpenFlag is "true" then
            set minimized of targetWindow to true
            set visible of targetWindow to false
          end if
          if (loading of targetTab) is false then
            try
              set lastResult to execute targetTab javascript extractionJavascript
            on error scriptError
              if scriptError contains "JavaScript from Apple Events" or scriptError contains "AppleScript is turned off" then
                set lastResult to "__LINKEDIN_FOLLOWERS_ERROR__:" & scriptError
              else
                set lastResult to "__LINKEDIN_FOLLOWERS_WAIT__:" & scriptError
              end if
            end try

            if lastResult starts with "__LINKEDIN_FOLLOWERS_ERROR__:" then
              error lastResult
            end if

            if lastResult does not start with "__LINKEDIN_FOLLOWERS_WAIT__:" then
              if keepOpenFlag is not "true" then
                close targetWindow
                set targetWindow to missing value
              else
                set minimized of targetWindow to true
                set visible of targetWindow to false
              end if
              return lastResult
            end if
          end if
          delay 0.25
        end repeat

        error "Timed out waiting for LinkedIn followers. Last result: " & lastResult
      end tell
    end using terms from
  on error errorMessage number errorNumber
    if targetWindow is not missing value then
      try
        using terms from application "Microsoft Edge"
          tell application "Microsoft Edge"
            if keepOpenFlag is "true" then
              set minimized of targetWindow to true
              set visible of targetWindow to false
            else
              close targetWindow
            end if
          end tell
        end using terms from
      end try
    end if
    error errorMessage number errorNumber
  end try
end run
 https://www.linkedin.com/in/mohamed-maouloud-mohamed (() => {
    const waitPrefix = "__LINKEDIN_FOLLOWERS_WAIT__:";
    const errorPrefix = "__LINKEDIN_FOLLOWERS_ERROR__:";
    const expectedSlug = "mohamed-maouloud-mohamed";
    const expectedPathSlug = "mohamed-maouloud-mohamed";
    const canonicalProfileUrl = "https://www.linkedin.com/in/mohamed-maouloud-mohamed";
    const browserName = "Microsoft Edge";
    const pageText = document.body ? document.body.innerText : '';

    if (
      /authwall|checkpoint|login/i.test(location.pathname) ||
      /sign in to linkedin|join linkedin/i.test(pageText)
    ) {
      return errorPrefix + 'The selected browser is not logged in to LinkedIn';
    }
    if (
      /security verification|unusual activity|temporarily restricted/i.test(pageText)
    ) {
      return errorPrefix + 'LinkedIn is showing a security or restriction page';
    }

    const currentMatch = location.pathname.match(/^\/in\/([^/]+)\/?$/i);
    if (!currentMatch) {
      return waitPrefix + 'The LinkedIn profile has not loaded yet';
    }
    if (currentMatch[1].toLowerCase() !== expectedPathSlug.toLowerCase()) {
      return errorPrefix + 'LinkedIn opened a different profile than the requested URL';
    }

    const main = document.querySelector('main');
    const profileHeading = main && main.querySelector('h1,h2,[role="heading"]');
    if (!main || !profileHeading) {
      return waitPrefix + 'The LinkedIn profile content is not available yet';
    }

    const normalize = (value) => String(value || '')
      .replace(/\u00a0/g, ' ')
      .replace(/\s+/g, ' ')
      .trim();
    const followerPattern = /^((?:\d{1,3}(?:[,.\s]\d{3})+|\d+)(?:[.,]\d+)?)([KMB])?\+?\s+followers$/i;
    const matchesFollowerText = (element) => followerPattern.test(normalize(element.textContent));
    const isRendered = (element) => {
      const style = window.getComputedStyle(element);
      return style.display !== 'none' &&
        style.visibility !== 'hidden' &&
        element.getClientRects().length > 0;
    };
    const exactHeadings = (element) => Array.from(
      element.querySelectorAll('h1,h2,h3,[role="heading"]')
    ).map((heading) => normalize(heading.textContent));
    const classify = (element) => {
      let ancestor = element;
      while (ancestor && ancestor !== main) {
        const headings = exactHeadings(ancestor);
        if (headings.length) {
          if (normalize(ancestor.innerText).length > 2000) return null;
          if (headings.some((heading) => /^activity$/i.test(heading))) {
            return 'activity';
          }
          if (headings.some((heading) => heading === normalize(profileHeading.textContent))) {
            return 'profile-header';
          }
          return null;
        }
        ancestor = ancestor.parentElement;
      }
      return null;
    };
    const parseCount = (text) => {
      const match = normalize(text).match(followerPattern);
      if (!match) return null;
      const suffix = match[2] ? match[2].toUpperCase() : '';
      if (!suffix) {
        const count = Number(match[1].replace(/\D/g, ''));
        return Number.isSafeInteger(count)
          ? { count, precision: 'exact', text: normalize(text) }
          : null;
      }
      const numericValue = Number(match[1].replace(/\s/g, '').replace(',', '.'));
      const multiplier = suffix === 'K'
        ? 1000
        : suffix === 'M'
          ? 1000000
          : 1000000000;
      const count = Math.round(numericValue * multiplier);
      return Number.isSafeInteger(count)
        ? { count, precision: 'rounded', text: normalize(text) }
        : null;
    };

    const candidateElements = Array.from(main.querySelectorAll('p,span,div'))
      .filter(matchesFollowerText)
      .filter((element) => !Array.from(element.children).some(matchesFollowerText))
      .filter(isRendered);
    const observations = candidateElements.flatMap((element) => {
      const location = classify(element);
      const parsed = parseCount(element.textContent);
      return location && parsed ? [{ ...parsed, location }] : [];
    });

    if (!observations.length) {
      return waitPrefix + 'No follower count is visible in the profile header or Activity section yet';
    }

    const uniqueCounts = new Set(observations.map((observation) => observation.count));
    if (uniqueCounts.size !== 1) {
      return errorPrefix + 'LinkedIn displayed conflicting follower counts on the profile';
    }

    const selected = observations.find(
      (observation) => observation.location === 'profile-header'
    ) || observations[0];
    const locations = Array.from(new Set(
      observations.map((observation) => observation.location)
    )).sort((left, right) =>
      left === right ? 0 : left === 'profile-header' ? -1 : 1
    );

    return JSON.stringify({
      schemaVersion: 'linkedin-followers.v1',
      sourceUrl: location.href,
      canonicalProfileUrl,
      profileSlug: expectedSlug,
      profileName: normalize(profileHeading.textContent),
      pageTitle: document.title,
      observedAt: new Date().toISOString(),
      followers: {
        count: selected.count,
        displayText: selected.text,
        locations,
        precision: selected.precision,
        source: 'linkedin-profile',
      },
      extraction: {
        method: 'visible-profile-dom',
        browser: browserName,
      },
    });
  })() true 100
. Enable View > Developer > Allow JavaScript from Apple Events in the selected browser.
{
  "apply": false,
  "applyResult": null,
  "failed": 4,
  "fatalFailure": "Microsoft Edge automation failed: Command failed: /usr/bin/osascript -e \non run argv\n  set targetURL to item 1 of argv\n  set extractionJavascript to item 2 of argv\n  set keepOpenFlag to item 3 of argv\n  set pollCount to (item 4 of argv) as integer\n  set collectorWindowName to \"EIGN LinkedIn Collector\"\n  set targetWindow to missing value\n  set targetTab to missing value\n  set lastResult to \"__LINKEDIN_FOLLOWERS_WAIT__:Page has not finished loading\"\n\n  try\n    using terms from application \"Microsoft Edge\"\n      tell application \"Microsoft Edge\"\n        if keepOpenFlag is \"true\" then\n          repeat with candidateWindow in every window\n            try\n              if given name of candidateWindow is collectorWindowName then\n                set targetWindow to candidateWindow\n                exit repeat\n              end if\n            end try\n          end repeat\n        end if\n\n        if targetWindow is missing value then\n          set targetWindow to make new window with properties {visible:false}\n          if keepOpenFlag is \"true\" then\n            set given name of targetWindow to collectorWindowName\n          end if\n        end if\n\n        -- Reassert this throughout every request. Edge can surface a hidden\n        -- window after navigation finishes unless it is also kept minimized.\n        if keepOpenFlag is \"true\" then\n          set minimized of targetWindow to true\n        end if\n        set visible of targetWindow to false\n        set targetTab to active tab of targetWindow\n        set URL of targetTab to targetURL\n        if keepOpenFlag is \"true\" then\n          set minimized of targetWindow to true\n        end if\n        set visible of targetWindow to false\n\n        repeat pollCount times\n          if keepOpenFlag is \"true\" then\n            set minimized of targetWindow to true\n            set visible of targetWindow to false\n          end if\n          if (loading of targetTab) is false then\n            try\n              set lastResult to execute targetTab javascript extractionJavascript\n            on error scriptError\n              if scriptError contains \"JavaScript from Apple Events\" or scriptError contains \"AppleScript is turned off\" then\n                set lastResult to \"__LINKEDIN_FOLLOWERS_ERROR__:\" & scriptError\n              else\n                set lastResult to \"__LINKEDIN_FOLLOWERS_WAIT__:\" & scriptError\n              end if\n            end try\n\n            if lastResult starts with \"__LINKEDIN_FOLLOWERS_ERROR__:\" then\n              error lastResult\n            end if\n\n            if lastResult does not start with \"__LINKEDIN_FOLLOWERS_WAIT__:\" then\n              if keepOpenFlag is not \"true\" then\n                close targetWindow\n                set targetWindow to missing value\n              else\n                set minimized of targetWindow to true\n                set visible of targetWindow to false\n              end if\n              return lastResult\n            end if\n          end if\n          delay 0.25\n        end repeat\n\n        error \"Timed out waiting for LinkedIn followers. Last result: \" & lastResult\n      end tell\n    end using terms from\n  on error errorMessage number errorNumber\n    if targetWindow is not missing value then\n      try\n        using terms from application \"Microsoft Edge\"\n          tell application \"Microsoft Edge\"\n            if keepOpenFlag is \"true\" then\n              set minimized of targetWindow to true\n              set visible of targetWindow to false\n            else\n              close targetWindow\n            end if\n          end tell\n        end using terms from\n      end try\n    end if\n    error errorMessage number errorNumber\n  end try\nend run\n https://www.linkedin.com/in/mohamed-maouloud-mohamed (() => {\n    const waitPrefix = \"__LINKEDIN_FOLLOWERS_WAIT__:\";\n    const errorPrefix = \"__LINKEDIN_FOLLOWERS_ERROR__:\";\n    const expectedSlug = \"mohamed-maouloud-mohamed\";\n    const expectedPathSlug = \"mohamed-maouloud-mohamed\";\n    const canonicalProfileUrl = \"https://www.linkedin.com/in/mohamed-maouloud-mohamed\";\n    const browserName = \"Microsoft Edge\";\n    const pageText = document.body ? document.body.innerText : '';\n\n    if (\n      /authwall|checkpoint|login/i.test(location.pathname) ||\n      /sign in to linkedin|join linkedin/i.test(pageText)\n    ) {\n      return errorPrefix + 'The selected browser is not logged in to LinkedIn';\n    }\n    if (\n      /security verification|unusual activity|temporarily restricted/i.test(pageText)\n    ) {\n      return errorPrefix + 'LinkedIn is showing a security or restriction page';\n    }\n\n    const currentMatch = location.pathname.match(/^\\/in\\/([^/]+)\\/?$/i);\n    if (!currentMatch) {\n      return waitPrefix + 'The LinkedIn profile has not loaded yet';\n    }\n    if (currentMatch[1].toLowerCase() !== expectedPathSlug.toLowerCase()) {\n      return errorPrefix + 'LinkedIn opened a different profile than the requested URL';\n    }\n\n    const main = document.querySelector('main');\n    const profileHeading = main && main.querySelector('h1,h2,[role=\"heading\"]');\n    if (!main || !profileHeading) {\n      return waitPrefix + 'The LinkedIn profile content is not available yet';\n    }\n\n    const normalize = (value) => String(value || '')\n      .replace(/\\u00a0/g, ' ')\n      .replace(/\\s+/g, ' ')\n      .trim();\n    const followerPattern = /^((?:\\d{1,3}(?:[,.\\s]\\d{3})+|\\d+)(?:[.,]\\d+)?)([KMB])?\\+?\\s+followers$/i;\n    const matchesFollowerText = (element) => followerPattern.test(normalize(element.textContent));\n    const isRendered = (element) => {\n      const style = window.getComputedStyle(element);\n      return style.display !== 'none' &&\n        style.visibility !== 'hidden' &&\n        element.getClientRects().length > 0;\n    };\n    const exactHeadings = (element) => Array.from(\n      element.querySelectorAll('h1,h2,h3,[role=\"heading\"]')\n    ).map((heading) => normalize(heading.textContent));\n    const classify = (element) => {\n      let ancestor = element;\n      while (ancestor && ancestor !== main) {\n        const headings = exactHeadings(ancestor);\n        if (headings.length) {\n          if (normalize(ancestor.innerText).length > 2000) return null;\n          if (headings.some((heading) => /^activity$/i.test(heading))) {\n            return 'activity';\n          }\n          if (headings.some((heading) => heading === normalize(profileHeading.textContent))) {\n            return 'profile-header';\n          }\n          return null;\n        }\n        ancestor = ancestor.parentElement;\n      }\n      return null;\n    };\n    const parseCount = (text) => {\n      const match = normalize(text).match(followerPattern);\n      if (!match) return null;\n      const suffix = match[2] ? match[2].toUpperCase() : '';\n      if (!suffix) {\n        const count = Number(match[1].replace(/\\D/g, ''));\n        return Number.isSafeInteger(count)\n          ? { count, precision: 'exact', text: normalize(text) }\n          : null;\n      }\n      const numericValue = Number(match[1].replace(/\\s/g, '').replace(',', '.'));\n      const multiplier = suffix === 'K'\n        ? 1000\n        : suffix === 'M'\n          ? 1000000\n          : 1000000000;\n      const count = Math.round(numericValue * multiplier);\n      return Number.isSafeInteger(count)\n        ? { count, precision: 'rounded', text: normalize(text) }\n        : null;\n    };\n\n    const candidateElements = Array.from(main.querySelectorAll('p,span,div'))\n      .filter(matchesFollowerText)\n      .filter((element) => !Array.from(element.children).some(matchesFollowerText))\n      .filter(isRendered);\n    const observations = candidateElements.flatMap((element) => {\n      const location = classify(element);\n      const parsed = parseCount(element.textContent);\n      return location && parsed ? [{ ...parsed, location }] : [];\n    });\n\n    if (!observations.length) {\n      return waitPrefix + 'No follower count is visible in the profile header or Activity section yet';\n    }\n\n    const uniqueCounts = new Set(observations.map((observation) => observation.count));\n    if (uniqueCounts.size !== 1) {\n      return errorPrefix + 'LinkedIn displayed conflicting follower counts on the profile';\n    }\n\n    const selected = observations.find(\n      (observation) => observation.location === 'profile-header'\n    ) || observations[0];\n    const locations = Array.from(new Set(\n      observations.map((observation) => observation.location)\n    )).sort((left, right) =>\n      left === right ? 0 : left === 'profile-header' ? -1 : 1\n    );\n\n    return JSON.stringify({\n      schemaVersion: 'linkedin-followers.v1',\n      sourceUrl: location.href,\n      canonicalProfileUrl,\n      profileSlug: expectedSlug,\n      profileName: normalize(profileHeading.textContent),\n      pageTitle: document.title,\n      observedAt: new Date().toISOString(),\n      followers: {\n        count: selected.count,\n        displayText: selected.text,\n        locations,\n        precision: selected.precision,\n        source: 'linkedin-profile',\n      },\n      extraction: {\n        method: 'visible-profile-dom',\n        browser: browserName,\n      },\n    });\n  })() true 100\n. Enable View > Developer > Allow JavaScript from Apple Events in the selected browser.",
  "manifestPath": "/Users/ahmedelghannam/projects/playground/eign-newsletter/outputs/linkedin/fit-missing-followers-by-name-manifest.json",
  "pending": 127,
  "selected": 203,
  "success": 72,
  "totalMissingFollowerPeople": 203
}
/Users/ahmedelghannam/projects/playground/eign-newsletter/scripts/enrich-fit-linkedin-followers.ts:575
  if (fatalFailure) throw new Error(fatalFailure)
                          ^

Error: Microsoft Edge automation failed: Command failed: /usr/bin/osascript -e 
on run argv
  set targetURL to item 1 of argv
  set extractionJavascript to item 2 of argv
  set keepOpenFlag to item 3 of argv
  set pollCount to (item 4 of argv) as integer
  set collectorWindowName to "EIGN LinkedIn Collector"
  set targetWindow to missing value
  set targetTab to missing value
  set lastResult to "__LINKEDIN_FOLLOWERS_WAIT__:Page has not finished loading"

  try
    using terms from application "Microsoft Edge"
      tell application "Microsoft Edge"
        if keepOpenFlag is "true" then
          repeat with candidateWindow in every window
            try
              if given name of candidateWindow is collectorWindowName then
                set targetWindow to candidateWindow
                exit repeat
              end if
            end try
          end repeat
        end if

        if targetWindow is missing value then
          set targetWindow to make new window with properties {visible:false}
          if keepOpenFlag is "true" then
            set given name of targetWindow to collectorWindowName
          end if
        end if

        -- Reassert this throughout every request. Edge can surface a hidden
        -- window after navigation finishes unless it is also kept minimized.
        if keepOpenFlag is "true" then
          set minimized of targetWindow to true
        end if
        set visible of targetWindow to false
        set targetTab to active tab of targetWindow
        set URL of targetTab to targetURL
        if keepOpenFlag is "true" then
          set minimized of targetWindow to true
        end if
        set visible of targetWindow to false

        repeat pollCount times
          if keepOpenFlag is "true" then
            set minimized of targetWindow to true
            set visible of targetWindow to false
          end if
          if (loading of targetTab) is false then
            try
              set lastResult to execute targetTab javascript extractionJavascript
            on error scriptError
              if scriptError contains "JavaScript from Apple Events" or scriptError contains "AppleScript is turned off" then
                set lastResult to "__LINKEDIN_FOLLOWERS_ERROR__:" & scriptError
              else
                set lastResult to "__LINKEDIN_FOLLOWERS_WAIT__:" & scriptError
              end if
            end try

            if lastResult starts with "__LINKEDIN_FOLLOWERS_ERROR__:" then
              error lastResult
            end if

            if lastResult does not start with "__LINKEDIN_FOLLOWERS_WAIT__:" then
              if keepOpenFlag is not "true" then
                close targetWindow
                set targetWindow to missing value
              else
                set minimized of targetWindow to true
                set visible of targetWindow to false
              end if
              return lastResult
            end if
          end if
          delay 0.25
        end repeat

        error "Timed out waiting for LinkedIn followers. Last result: " & lastResult
      end tell
    end using terms from
  on error errorMessage number errorNumber
    if targetWindow is not missing value then
      try
        using terms from application "Microsoft Edge"
          tell application "Microsoft Edge"
            if keepOpenFlag is "true" then
              set minimized of targetWindow to true
              set visible of targetWindow to false
            else
              close targetWindow
            end if
          end tell
        end using terms from
      end try
    end if
    error errorMessage number errorNumber
  end try
end run
 https://www.linkedin.com/in/mohamed-maouloud-mohamed (() => {
    const waitPrefix = "__LINKEDIN_FOLLOWERS_WAIT__:";
    const errorPrefix = "__LINKEDIN_FOLLOWERS_ERROR__:";
    const expectedSlug = "mohamed-maouloud-mohamed";
    const expectedPathSlug = "mohamed-maouloud-mohamed";
    const canonicalProfileUrl = "https://www.linkedin.com/in/mohamed-maouloud-mohamed";
    const browserName = "Microsoft Edge";
    const pageText = document.body ? document.body.innerText : '';

    if (
      /authwall|checkpoint|login/i.test(location.pathname) ||
      /sign in to linkedin|join linkedin/i.test(pageText)
    ) {
      return errorPrefix + 'The selected browser is not logged in to LinkedIn';
    }
    if (
      /security verification|unusual activity|temporarily restricted/i.test(pageText)
    ) {
      return errorPrefix + 'LinkedIn is showing a security or restriction page';
    }

    const currentMatch = location.pathname.match(/^\/in\/([^/]+)\/?$/i);
    if (!currentMatch) {
      return waitPrefix + 'The LinkedIn profile has not loaded yet';
    }
    if (currentMatch[1].toLowerCase() !== expectedPathSlug.toLowerCase()) {
      return errorPrefix + 'LinkedIn opened a different profile than the requested URL';
    }

    const main = document.querySelector('main');
    const profileHeading = main && main.querySelector('h1,h2,[role="heading"]');
    if (!main || !profileHeading) {
      return waitPrefix + 'The LinkedIn profile content is not available yet';
    }

    const normalize = (value) => String(value || '')
      .replace(/\u00a0/g, ' ')
      .replace(/\s+/g, ' ')
      .trim();
    const followerPattern = /^((?:\d{1,3}(?:[,.\s]\d{3})+|\d+)(?:[.,]\d+)?)([KMB])?\+?\s+followers$/i;
    const matchesFollowerText = (element) => followerPattern.test(normalize(element.textContent));
    const isRendered = (element) => {
      const style = window.getComputedStyle(element);
      return style.display !== 'none' &&
        style.visibility !== 'hidden' &&
        element.getClientRects().length > 0;
    };
    const exactHeadings = (element) => Array.from(
      element.querySelectorAll('h1,h2,h3,[role="heading"]')
    ).map((heading) => normalize(heading.textContent));
    const classify = (element) => {
      let ancestor = element;
      while (ancestor && ancestor !== main) {
        const headings = exactHeadings(ancestor);
        if (headings.length) {
          if (normalize(ancestor.innerText).length > 2000) return null;
          if (headings.some((heading) => /^activity$/i.test(heading))) {
            return 'activity';
          }
          if (headings.some((heading) => heading === normalize(profileHeading.textContent))) {
            return 'profile-header';
          }
          return null;
        }
        ancestor = ancestor.parentElement;
      }
      return null;
    };
    const parseCount = (text) => {
      const match = normalize(text).match(followerPattern);
      if (!match) return null;
      const suffix = match[2] ? match[2].toUpperCase() : '';
      if (!suffix) {
        const count = Number(match[1].replace(/\D/g, ''));
        return Number.isSafeInteger(count)
          ? { count, precision: 'exact', text: normalize(text) }
          : null;
      }
      const numericValue = Number(match[1].replace(/\s/g, '').replace(',', '.'));
      const multiplier = suffix === 'K'
        ? 1000
        : suffix === 'M'
          ? 1000000
          : 1000000000;
      const count = Math.round(numericValue * multiplier);
      return Number.isSafeInteger(count)
        ? { count, precision: 'rounded', text: normalize(text) }
        : null;
    };

    const candidateElements = Array.from(main.querySelectorAll('p,span,div'))
      .filter(matchesFollowerText)
      .filter((element) => !Array.from(element.children).some(matchesFollowerText))
      .filter(isRendered);
    const observations = candidateElements.flatMap((element) => {
      const location = classify(element);
      const parsed = parseCount(element.textContent);
      return location && parsed ? [{ ...parsed, location }] : [];
    });

    if (!observations.length) {
      return waitPrefix + 'No follower count is visible in the profile header or Activity section yet';
    }

    const uniqueCounts = new Set(observations.map((observation) => observation.count));
    if (uniqueCounts.size !== 1) {
      return errorPrefix + 'LinkedIn displayed conflicting follower counts on the profile';
    }

    const selected = observations.find(
      (observation) => observation.location === 'profile-header'
    ) || observations[0];
    const locations = Array.from(new Set(
      observations.map((observation) => observation.location)
    )).sort((left, right) =>
      left === right ? 0 : left === 'profile-header' ? -1 : 1
    );

    return JSON.stringify({
      schemaVersion: 'linkedin-followers.v1',
      sourceUrl: location.href,
      canonicalProfileUrl,
      profileSlug: expectedSlug,
      profileName: normalize(profileHeading.textContent),
      pageTitle: document.title,
      observedAt: new Date().toISOString(),
      followers: {
        count: selected.count,
        displayText: selected.text,
        locations,
        precision: selected.precision,
        source: 'linkedin-profile',
      },
      extraction: {
        method: 'visible-profile-dom',
        browser: browserName,
      },
    });
  })() true 100
. Enable View > Developer > Allow JavaScript from Apple Events in the selected browser.
    at main (/Users/ahmedelghannam/projects/playground/eign-newsletter/scripts/enrich-fit-linkedin-followers.ts:575:27)
    at async <anonymous> (/Users/ahmedelghannam/projects/playground/eign-newsletter/scripts/enrich-fit-linkedin-followers.ts:578:1)

Node.js v24.19.0
 ELIFECYCLE  Command failed with exit code 1.
