
> eign-newsletter@ linkedin:followers:fit /Users/ahmedelghannam/projects/playground/eign-newsletter
> tsx scripts/enrich-fit-linkedin-followers.ts --browser edge --max-attempts 1 --request-delay 0 --request-jitter 0 --batch-delay 0 --timeout 25000 --apply-each --manifest outputs/linkedin/fit-missing-followers-by-name-manifest.json

SCOPE	fitPeople=937	missingFollowerPeople=132	selected=132	order=unified-people-ui-name-ascending	firstUiPosition=347	firstEligible=Fahad Alghamdi
PROGRESS	1/132	FAILED_CACHED	Fahad Alghamdi
PROGRESS	2/132	FAILED_CACHED	Karima El Hakim
PROGRESS	3/132	CACHED	Kola Aina	22873
PROGRESS	4/132	FAILED_CACHED	Malangou Seyadou
PROGRESS	5/132	FAILED_CACHED	Mohamed Salama
PROGRESS	6/132	SUCCESS	Mohamed Sellam	136	activity
APPLY	Mohamed Sellam	updatedProfiles=1	identityMismatch=1	noLongerFit=0
PROGRESS	7/132	SUCCESS	Mohamed Serokh	30683	profile-header
APPLY	Mohamed Serokh	updatedProfiles=1	identityMismatch=1	noLongerFit=0
PROGRESS	8/132	SUCCESS	Mohamed Sobhy Fouda	21466	profile-header
APPLY	Mohamed Sobhy Fouda	updatedProfiles=1	identityMismatch=1	noLongerFit=0
PROGRESS	9/132	SUCCESS	Mohamed Touiti	4921	profile-header
APPLY	Mohamed Touiti	updatedProfiles=1	identityMismatch=1	noLongerFit=0
PROGRESS	10/132	SUCCESS	Mohamed Zaki	3462	activity
APPLY	Mohamed Zaki	updatedProfiles=1	identityMismatch=1	noLongerFit=0
PROGRESS	11/132	SUCCESS	Mohamed Zayed	107	activity
APPLY	Mohamed Zayed	updatedProfiles=1	identityMismatch=1	noLongerFit=0
PROGRESS	12/132	SUCCESS	Mohammad Alyousof	2646	activity
APPLY	Mohammad Alyousof	updatedProfiles=1	identityMismatch=1	noLongerFit=0
PROGRESS	13/132	SUCCESS	Mohammed AlSheikh	657	activity
APPLY	Mohammed AlSheikh	updatedProfiles=1	identityMismatch=1	noLongerFit=0
PROGRESS	14/132	SUCCESS	Mohammed Saty	10171	profile-header
APPLY	Mohammed Saty	updatedProfiles=1	identityMismatch=1	noLongerFit=0
PROGRESS	15/132	SUCCESS	Mohaned Lafi	2502	activity
APPLY	Mohaned Lafi	updatedProfiles=1	identityMismatch=1	noLongerFit=0
PROGRESS	16/132	SUCCESS	Mohy Aboualam	3838	profile-header,activity
APPLY	Mohy Aboualam	updatedProfiles=1	identityMismatch=1	noLongerFit=0
PROGRESS	17/132	SUCCESS	Mona Al-Mukhaizeem	739	activity
APPLY	Mona Al-Mukhaizeem	updatedProfiles=1	identityMismatch=1	noLongerFit=0
PROGRESS	18/132	SUCCESS	Mona Seleim	4318	profile-header
APPLY	Mona Seleim	updatedProfiles=1	identityMismatch=1	noLongerFit=0
PROGRESS	19/132	SUCCESS	Mosab AlGhamdi	7197	profile-header,activity
APPLY	Mosab AlGhamdi	updatedProfiles=1	identityMismatch=1	noLongerFit=0
PROGRESS	20/132	SUCCESS	Mostafa Elwany	1522	activity
APPLY	Mostafa Elwany	updatedProfiles=1	identityMismatch=1	noLongerFit=0
PROGRESS	21/132	SUCCESS	Mostafa Menessy	18255	profile-header,activity
APPLY	Mostafa Menessy	updatedProfiles=1	identityMismatch=1	noLongerFit=0
PROGRESS	22/132	SUCCESS	Muath Al Qatnany	1062	activity
APPLY	Muath Al Qatnany	updatedProfiles=1	identityMismatch=1	noLongerFit=0
PROGRESS	23/132	SUCCESS	Muhannad Ebwini	26506	profile-header
APPLY	Muhannad Ebwini	updatedProfiles=1	identityMismatch=1	noLongerFit=0
PROGRESS	24/132	SUCCESS	Musaed AlShammari	3189	activity
APPLY	Musaed AlShammari	updatedProfiles=1	identityMismatch=1	noLongerFit=0
PROGRESS	25/132	SUCCESS	Mustafa Eid	5391	activity
APPLY	Mustafa Eid	updatedProfiles=1	identityMismatch=1	noLongerFit=0
PROGRESS	26/132	SUCCESS	Nada Abdrabou	548	profile-header
APPLY	Nada Abdrabou	updatedProfiles=1	identityMismatch=1	noLongerFit=0
PROGRESS	27/132	SUCCESS	Nader Bassit	3378	activity
APPLY	Nader Bassit	updatedProfiles=1	identityMismatch=1	noLongerFit=0
PROGRESS	28/132	SUCCESS	Nadia Al Nasser	2530	profile-header
APPLY	Nadia Al Nasser	updatedProfiles=1	identityMismatch=1	noLongerFit=0
PROGRESS	29/132	SUCCESS	Naif Al-Obaidallah	4756	activity
APPLY	Naif Al-Obaidallah	updatedProfiles=1	identityMismatch=1	noLongerFit=0
PROGRESS	30/132	SUCCESS	Nala Kamel	682	activity
APPLY	Nala Kamel	updatedProfiles=1	identityMismatch=1	noLongerFit=0
PROGRESS	31/132	SUCCESS	Nasser Alajaji	10148	profile-header
APPLY	Nasser Alajaji	updatedProfiles=1	identityMismatch=1	noLongerFit=0
PROGRESS	32/132	SUCCESS	Nasser Albarrak	2836	activity
APPLY	Nasser Albarrak	updatedProfiles=1	identityMismatch=1	noLongerFit=0
PROGRESS	33/132	SUCCESS	Nesreen Ghonaim	1980	profile-header
APPLY	Nesreen Ghonaim	updatedProfiles=1	identityMismatch=1	noLongerFit=0
PROGRESS	34/132	SUCCESS	Nora Alrajebah	3232	activity
APPLY	Nora Alrajebah	updatedProfiles=1	identityMismatch=1	noLongerFit=0
PROGRESS	35/132	SUCCESS	Nora Altwairesh	1704	activity
APPLY	Nora Altwairesh	updatedProfiles=1	identityMismatch=1	noLongerFit=0
PROGRESS	36/132	FAILED	Nora Alzahid	Microsoft Edge automation failed: 3560:3572: execution error: __LINKEDIN_FOLLOWERS_ERROR__:LinkedIn displayed conflicting follower counts on the profile (-2700).
PROGRESS	37/132	SUCCESS	Norah Abokhodair	3679	profile-header
APPLY	Norah Abokhodair	updatedProfiles=1	identityMismatch=1	noLongerFit=0
PROGRESS	38/132	SUCCESS	⁠Nouf Alotaibi	3072	activity
APPLY	⁠Nouf Alotaibi	updatedProfiles=1	identityMismatch=1	noLongerFit=0
PROGRESS	39/132	SUCCESS	Nour Al Hassan	32744	activity
APPLY	Nour Al Hassan	updatedProfiles=1	identityMismatch=1	noLongerFit=0
PROGRESS	40/132	SUCCESS	Nour Taher	35460	profile-header
APPLY	Nour Taher	updatedProfiles=1	identityMismatch=1	noLongerFit=0
PROGRESS	41/132	SUCCESS	Omar Abdo	5469	profile-header
APPLY	Omar Abdo	updatedProfiles=1	identityMismatch=1	noLongerFit=0
PROGRESS	42/132	SUCCESS	Omar Alireza	533	activity
APPLY	Omar Alireza	updatedProfiles=1	identityMismatch=1	noLongerFit=0
PROGRESS	43/132	SUCCESS	Omar Alrubaiaan	540	profile-header
APPLY	Omar Alrubaiaan	updatedProfiles=1	identityMismatch=1	noLongerFit=0
PROGRESS	44/132	SUCCESS	Omar Ekram	3066	activity
APPLY	Omar Ekram	updatedProfiles=1	identityMismatch=1	noLongerFit=0
PROGRESS	45/132	SUCCESS	Omar ElBorolossy	295	activity
APPLY	Omar ElBorolossy	updatedProfiles=1	identityMismatch=1	noLongerFit=0
PROGRESS	46/132	SUCCESS	Omar Elfiky	6931	profile-header
APPLY	Omar Elfiky	updatedProfiles=1	identityMismatch=1	noLongerFit=0
PROGRESS	47/132	SUCCESS	Omar Heraiz	781	activity
APPLY	Omar Heraiz	updatedProfiles=1	identityMismatch=1	noLongerFit=0
PROGRESS	48/132	SUCCESS	Omar Mugharbel	5891	activity
APPLY	Omar Mugharbel	updatedProfiles=1	identityMismatch=1	noLongerFit=0
PROGRESS	49/132	SUCCESS	Omar Saleh	9675	profile-header
APPLY	Omar Saleh	updatedProfiles=1	identityMismatch=1	noLongerFit=0
PROGRESS	50/132	SUCCESS	Prateek Avasthy	1843	activity
APPLY	Prateek Avasthy	updatedProfiles=1	identityMismatch=1	noLongerFit=0
PROGRESS	51/132	SUCCESS	Priscilla Elora Sharuk	3383	activity
APPLY	Priscilla Elora Sharuk	updatedProfiles=1	identityMismatch=1	noLongerFit=0
PROGRESS	52/132	SUCCESS	Qusai AlSaif	26130	profile-header
APPLY	Qusai AlSaif	updatedProfiles=1	identityMismatch=1	noLongerFit=0
PROGRESS	53/132	SUCCESS	Raddad Ayoub	6763	profile-header
APPLY	Raddad Ayoub	updatedProfiles=1	identityMismatch=1	noLongerFit=0
PROGRESS	54/132	SUCCESS	Radwa Yousef	3865	activity
APPLY	Radwa Yousef	updatedProfiles=1	identityMismatch=1	noLongerFit=0
PROGRESS	55/132	SUCCESS	Rahil Rangwala	10841	profile-header
APPLY	Rahil Rangwala	updatedProfiles=1	identityMismatch=1	noLongerFit=0
PROGRESS	56/132	SUCCESS	Rakan Aldosary	5220	profile-header
APPLY	Rakan Aldosary	updatedProfiles=1	identityMismatch=1	noLongerFit=0
PROGRESS	57/132	SUCCESS	Ramesh Chander	0	activity
APPLY	Ramesh Chander	updatedProfiles=1	identityMismatch=1	noLongerFit=0
PROGRESS	58/132	SUCCESS	Rami Al Jafar	3929	activity
APPLY	Rami Al Jafar	updatedProfiles=1	identityMismatch=1	noLongerFit=0
PROGRESS	59/132	FAILED	Rami El Helou	Microsoft Edge automation failed: 3560:3572: execution error: __LINKEDIN_FOLLOWERS_ERROR__:LinkedIn displayed conflicting follower counts on the profile (-2700).
PROGRESS	60/132	SUCCESS	Rami Maalouf	1753	activity
APPLY	Rami Maalouf	updatedProfiles=1	identityMismatch=1	noLongerFit=0
PROGRESS	61/132	SUCCESS	Rawan Alfar	2095	activity
APPLY	Rawan Alfar	updatedProfiles=1	identityMismatch=1	noLongerFit=0
PROGRESS	62/132	SUCCESS	Rawan Almogbil	2396	activity
APPLY	Rawan Almogbil	updatedProfiles=1	identityMismatch=1	noLongerFit=0
PROGRESS	63/132	SUCCESS	Rayan Alaql	14697	profile-header
APPLY	Rayan Alaql	updatedProfiles=1	identityMismatch=1	noLongerFit=0
PROGRESS	64/132	SUCCESS	Rayyanah Barnawi	1954	activity
APPLY	Rayyanah Barnawi	updatedProfiles=1	identityMismatch=1	noLongerFit=0
PROGRESS	65/132	SUCCESS	Razan Aljamei	754	activity
APPLY	Razan Aljamei	updatedProfiles=1	identityMismatch=1	noLongerFit=0
PROGRESS	66/132	SUCCESS	Razaq Salem	11165	profile-header
APPLY	Razaq Salem	updatedProfiles=1	identityMismatch=1	noLongerFit=0
PROGRESS	67/132	SUCCESS	Rebecca Gross	653	activity
APPLY	Rebecca Gross	updatedProfiles=1	identityMismatch=1	noLongerFit=0
PROGRESS	68/132	SUCCESS	Rema Alyahya	2401	activity
APPLY	Rema Alyahya	updatedProfiles=1	identityMismatch=1	noLongerFit=0
PROGRESS	69/132	SUCCESS	Remo Giovanni Abbondandolo	21750	activity
APPLY	Remo Giovanni Abbondandolo	updatedProfiles=1	identityMismatch=1	noLongerFit=0
PROGRESS	70/132	SUCCESS	Riki Yamauchi	8893	activity
APPLY	Riki Yamauchi	updatedProfiles=1	identityMismatch=1	noLongerFit=0
PROGRESS	71/132	SUCCESS	Roque Lozano	9019	profile-header,activity
APPLY	Roque Lozano	updatedProfiles=1	identityMismatch=1	noLongerFit=0
PROGRESS	72/132	SUCCESS	Rowan Alawi	11399	activity
APPLY	Rowan Alawi	updatedProfiles=1	identityMismatch=1	noLongerFit=0
PROGRESS	73/132	SUCCESS	Roy Baladi	22973	activity
APPLY	Roy Baladi	updatedProfiles=1	identityMismatch=1	noLongerFit=0
PROGRESS	74/132	SUCCESS	Rumbi Makanga	4131	activity
APPLY	Rumbi Makanga	updatedProfiles=1	identityMismatch=1	noLongerFit=0
PROGRESS	75/132	SUCCESS	Saad Alsalamah	8206	profile-header
APPLY	Saad Alsalamah	updatedProfiles=1	identityMismatch=1	noLongerFit=0
PROGRESS	76/132	SUCCESS	Safa Alrashed	12373	profile-header
APPLY	Safa Alrashed	updatedProfiles=1	identityMismatch=1	noLongerFit=0
PROGRESS	77/132	SUCCESS	Sakhar Alkhereyf	2077	activity
APPLY	Sakhar Alkhereyf	updatedProfiles=1	identityMismatch=1	noLongerFit=0
PROGRESS	78/132	SUCCESS	Salah AlSaeed	326	activity
APPLY	Salah AlSaeed	updatedProfiles=1	identityMismatch=1	noLongerFit=0
PROGRESS	79/132	SUCCESS	Salam Shouman	4785	profile-header
APPLY	Salam Shouman	updatedProfiles=1	identityMismatch=1	noLongerFit=0
PROGRESS	80/132	SUCCESS	Saleh Al Muhanna	4202	activity
APPLY	Saleh Al Muhanna	updatedProfiles=1	identityMismatch=1	noLongerFit=0
PROGRESS	81/132	FAILED	Saleh Alharbi	Microsoft Edge automation failed: 3560:3572: execution error: __LINKEDIN_FOLLOWERS_ERROR__:The selected browser is not logged in to LinkedIn (-2700).
{
  "apply": false,
  "applyResult": null,
  "failed": 7,
  "fatalFailure": "Microsoft Edge automation failed: 3560:3572: execution error: __LINKEDIN_FOLLOWERS_ERROR__:The selected browser is not logged in to LinkedIn (-2700).",
  "manifestPath": "/Users/ahmedelghannam/projects/playground/eign-newsletter/outputs/linkedin/fit-missing-followers-by-name-manifest.json",
  "pending": 51,
  "selected": 132,
  "success": 74,
  "totalMissingFollowerPeople": 132
}
/Users/ahmedelghannam/projects/playground/eign-newsletter/scripts/enrich-fit-linkedin-followers.ts:575
  if (fatalFailure) throw new Error(fatalFailure)
                          ^

Error: Microsoft Edge automation failed: 3560:3572: execution error: __LINKEDIN_FOLLOWERS_ERROR__:The selected browser is not logged in to LinkedIn (-2700).
    at main (/Users/ahmedelghannam/projects/playground/eign-newsletter/scripts/enrich-fit-linkedin-followers.ts:575:27)
    at async <anonymous> (/Users/ahmedelghannam/projects/playground/eign-newsletter/scripts/enrich-fit-linkedin-followers.ts:578:1)

Node.js v24.19.0
 ELIFECYCLE  Command failed with exit code 1.
